[pausedesign.ca/index.html]
[pausedesign.ca/static/images/favicon.jpg]
[backblue.gif]
[fade.gif]
[index.html]
[pausedesign.ca/css/reset.css]
[pausedesign.ca/css/style3f56.css]
[pausedesign.ca/about.html]
[pausedesign.ca/contact.html]
[pausedesign.ca/projects/linsmore/linsmore.html]
[pausedesign.ca/static/images/LinsmoreMobileHP.jpg]
[pausedesign.ca/projects/boiler-loft/boiler-loft.html]
[pausedesign.ca/static/images/Homepage 121221 Jason Ho 0131_edit.jpg]
[pausedesign.ca/projects/larchmount-kitchen/larchmount-kitchen.html]
[pausedesign.ca/static/images/Pause_LarchmountKitchen_2HP.jpg]
[pausedesign.ca/projects/pause-studio/studio-on-queen.html]
[pausedesign.ca/static/images/131226_PauseStudioA_0066-Edit_10aug.jpg]
[pausedesign.ca/projects/larchmount-garden/larchmount-garden.html]
[pausedesign.ca/static/images/Larchmount front yard  - 2.jpg]
[pausedesign.ca/static/images/Homepage 131226_PauseStudioA_0219-Edit.jpg]
[pausedesign.ca/static/images/Pause_LarchmountKitchen_0110-Edit.jpg]
[pausedesign.ca/static/images/LinsmoreHP_1.jpg]
[pausedesign.ca/static/images/Homepage 121221 Jason Ho 0167_edit.jpg]
[pausedesign.ca/static/images/LinsmoreHP_2.jpg]
[pausedesign.ca/projects/boston-kitchen/boston-kitchen.html]
[cdnjs.cloudflare.com/ajax/libs/jquery/3.4.1/jquery.min.js]
[cdnjs.cloudflare.com/ajax/libs/jquery-mousewheel/3.1.13/jquery.mousewheel.min.js]
[hammerjs.github.io/dist/hammer.js]
[cdnjs.cloudflare.com/ajax/libs/paper.js/0.12.0/paper-core.min.js]
[cdnjs.cloudflare.com/ajax/libs/simplex-noise/2.4.0/simplex-noise.min.js]
[pausedesign.ca/js/main3f56.js]
[pausedesign.ca/index.html]
[pausedesign.ca/css/reset.css]
[pausedesign.ca/static/fonts/SF Pro/SF-Pro-Text-Bold.otf]
[pausedesign.ca/static/fonts/SF Pro/SF-Pro-Text-Semibold.otf]
[pausedesign.ca/static/fonts/SF Pro/SF-Pro-Text-Medium.otf]
[pausedesign.ca/static/fonts/SF Pro/SF-Pro-Text-Regular.otf]
[pausedesign.ca/static/fonts/SF Pro/SF-Pro-Text-Light.otf]
[pausedesign.ca/static/fonts/HCo_ChronDisplay/OpenType/ChronicleDisp-Bold.otf]
[pausedesign.ca/static/fonts/HCo_ChronDisplay/OpenType/ChronicleDisp-Semibold.otf]
[pausedesign.ca/static/images/LinsmorePJ.jpg]
[pausedesign.ca/static/images/BostonKitchen_projectpagejpg.jpg]
[pausedesign.ca/static/images/kitchen.jpg]
[pausedesign.ca/static/images/pause.jpg]
[pausedesign.ca/css/style3f56.css]
[pausedesign.ca/css/about3f56.css]
[pausedesign.ca/static/images/about/header.png]
[pausedesign.ca/static/images/about/jason&scott_mobileimage.jpg]
[pausedesign.ca/static/images/about/Jason & Scott.png]
[pausedesign.ca/about.html]
[pausedesign.ca/css/contact3f56.css]
[pausedesign.ca/static/images/contact/header.jpg]
[pausedesign.ca/contact.html]
[pausedesign.ca/css/projects-style3f56.css]
[pausedesign.ca/projects/linsmore/images/header.png]
[pausedesign.ca/projects/linsmore/images/headerIpad.jpg]
[pausedesign.ca/projects/linsmore/images/1.png]
[pausedesign.ca/projects/linsmore/images/2.png]
[pausedesign.ca/projects/linsmore/images/3.png]
[pausedesign.ca/projects/linsmore/images/4.png]
[pausedesign.ca/projects/linsmore/images/5.png]
[pausedesign.ca/projects/linsmore/images/6.png]
[pausedesign.ca/projects/linsmore/images/7-lg.png]
[pausedesign.ca/projects/linsmore/images/7.png]
[pausedesign.ca/projects/linsmore/images/8.png]
[pausedesign.ca/projects/linsmore/images/9.png]
[pausedesign.ca/projects/linsmore/images/sibling-next.png]
[pausedesign.ca/projects/linsmore/images/BostonKitchen_small.jpg]
[pausedesign.ca/static/js-libs/hammer.min.js]
[pausedesign.ca/projects/linsmore/linsmore.html]
[pausedesign.ca/projects/boiler-loft/images/header.png]
[pausedesign.ca/projects/boiler-loft/images/headerIpad.png]
[pausedesign.ca/projects/boiler-loft/images/1.png]
[pausedesign.ca/projects/boiler-loft/images/2.png]
[pausedesign.ca/projects/boiler-loft/images/3.png]
[pausedesign.ca/projects/boiler-loft/images/4.png]
[pausedesign.ca/projects/boiler-loft/images/5.png]
[pausedesign.ca/projects/boiler-loft/images/6.png]
[pausedesign.ca/projects/boiler-loft/images/7.png]
[pausedesign.ca/projects/boiler-loft/images/8.png]
[pausedesign.ca/projects/boiler-loft/images/9.png]
[pausedesign.ca/projects/boiler-loft/images/sibling-next.png]
[pausedesign.ca/projects/boiler-loft/images/sibling-prev.jpg]
[pausedesign.ca/projects/boiler-loft/boiler-loft.html]
[pausedesign.ca/projects/larchmount-kitchen/images/header.png]
[pausedesign.ca/projects/larchmount-kitchen/images/headerIpad.png]
[pausedesign.ca/projects/larchmount-kitchen/images/1.png]
[pausedesign.ca/projects/larchmount-kitchen/images/2.png]
[pausedesign.ca/projects/larchmount-kitchen/images/6.png]
[pausedesign.ca/projects/larchmount-kitchen/images/4.png]
[pausedesign.ca/projects/larchmount-kitchen/images/5.png]
[pausedesign.ca/projects/larchmount-kitchen/images/sibling-next.png]
[pausedesign.ca/projects/larchmount-kitchen/images/sibling-prev.jpg]
[pausedesign.ca/projects/larchmount-kitchen/larchmount-kitchen.html]
[pausedesign.ca/projects/pause-studio/images/header.png]
[pausedesign.ca/projects/pause-studio/images/headerIpad.jpg]
[pausedesign.ca/projects/pause-studio/images/5.png]
[pausedesign.ca/projects/pause-studio/images/131226_PauseStudioA_0066-Edit_10aug.jpg]
[pausedesign.ca/projects/pause-studio/images/1.png]
[pausedesign.ca/projects/pause-studio/images/2.png]
[pausedesign.ca/projects/pause-studio/images/8.png]
[pausedesign.ca/projects/pause-studio/images/9.png]
[pausedesign.ca/projects/pause-studio/images/sibling-next.png]
[pausedesign.ca/projects/pause-studio/images/sibling-prev.jpg]
[pausedesign.ca/projects/pause-studio/studio-on-queen.html]
[pausedesign.ca/projects/larchmount-garden/images/header.png]
[pausedesign.ca/projects/larchmount-garden/images/headerIpad.jpg]
[pausedesign.ca/projects/larchmount-garden/images/larchmount front yard high res2.jpg]
[pausedesign.ca/projects/larchmount-garden/images/2.png]
[pausedesign.ca/projects/larchmount-garden/images/larchmount front yard high res4.jpg]
[pausedesign.ca/projects/larchmount-garden/images/4.png]
[pausedesign.ca/projects/larchmount-garden/images/sibling-next.png]
[pausedesign.ca/projects/larchmount-garden/images/sibling-prev.jpg]
[pausedesign.ca/projects/larchmount-garden/larchmount-garden.html]
[pausedesign.ca/projects/boston-kitchen/images/header.png]
[pausedesign.ca/projects/boston-kitchen/images/headerIpad.png]
[pausedesign.ca/projects/boston-kitchen/images/1.png]
[pausedesign.ca/projects/boston-kitchen/images/2.png]
[pausedesign.ca/projects/boston-kitchen/images/6.png]
[pausedesign.ca/projects/boston-kitchen/images/Layer 61.png]
[pausedesign.ca/projects/boston-kitchen/images/4.png]
[pausedesign.ca/projects/boston-kitchen/images/5.png]
[pausedesign.ca/projects/boston-kitchen/images/sibling-next.png]
[pausedesign.ca/projects/boston-kitchen/images/sibling-prev.jpg]
[pausedesign.ca/projects/boston-kitchen/boston-kitchen.html]
[pausedesign.ca/css/about3f56.css]
[pausedesign.ca/static/images/about/header.png]
[pausedesign.ca/static/images/about/Jason & Scott.png]
[pausedesign.ca/css/contact3f56.css]
[pausedesign.ca/css/projects-style3f56.css]
[pausedesign.ca/projects/linsmore/images/3.png]
[pausedesign.ca/projects/linsmore/images/5.png]
[pausedesign.ca/projects/linsmore/images/6.png]
[pausedesign.ca/projects/linsmore/images/7-lg.png]
[pausedesign.ca/projects/linsmore/images/9.png]
[pausedesign.ca/projects/boiler-loft/images/header.png]
[pausedesign.ca/projects/boiler-loft/images/headerIpad.png]
[pausedesign.ca/projects/pause-studio/images/header.png]
[pausedesign.ca/projects/pause-studio/images/headerIpad.jpg]
[pausedesign.ca/projects/pause-studio/images/sibling-prev.jpg]
[pausedesign.ca/projects/larchmount-garden/images/header.png]
[pausedesign.ca/projects/boston-kitchen/images/header.png]
[pausedesign.ca/projects/boston-kitchen/images/headerIpad.png]
[pausedesign.ca/projects/boston-kitchen/images/1.png]
[pausedesign.ca/projects/boston-kitchen/images/Layer 61.png]
[pausedesign.ca/projects/boston-kitchen/images/sibling-prev.jpg]
[pausedesign.ca/projects/linsmore/images/3.png]
[pausedesign.ca/projects/linsmore/images/7-lg.png]
[pausedesign.ca/projects/boiler-loft/images/headerIpad.png]
[pausedesign.ca/projects/pause-studio/images/headerIpad.jpg]
[pausedesign.ca/projects/larchmount-garden/images/header.png]
